2026-09-28_10:44:22 https://balance-pvc6w8m20-pokerush.vercel.app
2026-09-28_10:45:52 https://balance-r9lbprkww-pokerush.vercel.app
2026-09-28_11:05:01 https://balance-gxmylzsua-pokerush.vercel.app
2026-09-28_11:22:18 https://balance-pceond0sq-pokerush.vercel.app
2026-09-28_11:49:57 https://balance-o7bpnrtjf-pokerush.vercel.app
2026-09-28_12:10:42 https://balance-8t8d01gv2-pokerush.vercel.app
2026-09-28_12:19:25 https://balance-20fjlzcn3-pokerush.vercel.app
2026-09-28_12:33:15 https://balance-kuiy9hf14-pokerush.vercel.app
2026-09-28_12:37:18 https://balance-jd3lt8606-pokerush.vercel.app
2026-09-28_12:47:35 https://balance-49yd2q8ws-pokerush.vercel.app
2026-09-28_13:10:45 https://balance-c0ybi3dcw-pokerush.vercel.app
2026-09-28_14:00:38 https://balance-d6gsiw4vv-pokerush.vercel.app
2026-09-28_14:09:37 https://balance-d97pz47uq-pokerush.vercel.app
2026-09-28_14:15:47 https://balance-lozyar7tk-pokerush.vercel.app
2026-09-28_14:20:45 https://balance-547ra4fx5-pokerush.vercel.app
2026-09-28_15:03:09 https://balance-58qeoooxo-pokerush.vercel.app
2026-09-28_15:30:19 https://balance-9ruva6om8-pokerush.vercel.app
2026-09-28_15:59:42 https://balance-o8zskf9q6-pokerush.vercel.app
2026-09-28_16:07:41 https://balance-baq3b124h-pokerush.vercel.app
2026-09-28_17:36:27 https://balance-nzo7n1ryi-pokerush.vercel.app
2026-09-28_17:49:28 https://balance-710xih6fo-pokerush.vercel.app
2026-09-28_18:02:28 https://balance-nfp9ryek5-pokerush.vercel.app
2026-09-28_18:06:06 https://balance-m0q2mo7q3-pokerush.vercel.app
2026-09-28_19:47:27 https://balance-dmif068el-pokerush.vercel.app
2026-09-28_20:44:33 https://balance-hvycpnet8-pokerush.vercel.app
2026-09-28_21:32:30 https://balance-9mszqq9a2-pokerush.vercel.app
2026-09-29_09:34:04 https://balance-oio4lkv40-pokerush.vercel.app
2026-09-29_12:09:14 https://balance-81jr8s45i-pokerush.vercel.app
2026-09-29_12:09:32 https://balance-gnn8n4g4a-pokerush.vercel.app
2026-09-29_15:25:45 https://balance-uqhx948su-pokerush.vercel.app
2026-09-29_15:46:25 https://balance-bhqafhp23-pokerush.vercel.app
2026-09-29_15:47:13 https://balance-42bqmsbjf-pokerush.vercel.app
2026-09-29_16:46:43 https://balance-mxlndgflq-pokerush.vercel.app
2026-09-29_18:09:02 https://balance-66qpjtdwv-pokerush.vercel.app
2026-09-29_20:22:41 https://balance-4tyc58ddu-pokerush.vercel.app
2026-09-29_20:29:49 https://balance-1cuumcjtf-pokerush.vercel.app
2026-09-29_22:30:47 https://balance-854gwou57-pokerush.vercel.app
